// Jest Snapshot v1, https://goo.gl/fbAQLP

exports[`Home page should render correctly 1`] = `
<div
  className="accounts"
>
  <div
    className="ynabSide"
  >
    <div>
      <p
        className="h5 text-center mb-4"
      >
        Step 1: Connect to YNAB
      </p>
      <button
        className="btn btn-lg btn-default"
        onClick={[Function]}
      >
        Log In to YNAB
      </button>
      <a
        href="https://ynab.com/referral/?ref=NJEogaRL6Tux6JIm&utm_source=customer_referral"
      >
        <button
          className="btn btn-lg btn-elegant"
        >
          Sign up for YNAB
        </button>
      </a>
    </div>
  </div>
  <div
    className="ynoodSide"
  >
    <div>
      <div
        className="register"
      >
        <p
          className="h5 text-center mb-4"
        >
          Step 2: Register for a YNOOD Account
        </p>
        <div
          className="container"
        >
          <div
            className="row"
          >
            <div
              className="col-md-1"
            />
            <div
              className="col-md-10"
            >
              <form
                id="register-form"
                onReset={[Function]}
                onSubmit={[Function]}
              >
                <div>
                  <label
                    htmlFor="register-email"
                  >
                    Email:
                  </label>
                  <input
                    className="form-control"
                    id="register-email"
                    name="email"
                    onBlur={[Function]}
                    onChange={[Function]}
                    value=""
                  />
                  <br />
                  <label
                    htmlFor="register-budget"
                  >
                    Monthly debt payoff budget:
                  </label>
                  <input
                    className="form-control"
                    id="register-budget"
                    name="budget"
                    onBlur={[Function]}
                    onChange={[Function]}
                    value=""
                  />
                </div>
              </form>
            </div>
            <div
              className="col-md-1"
            />
          </div>
          <div
            className="row"
          >
            <div
              className="col-md-1"
            />
            <div
              className="col-md-10"
            >
              <button
                className="btn btn-outline-purple"
                type="submit"
              >
                Submit
              </button>
            </div>
            <div
              className="col-md-1"
            />
          </div>
        </div>
      </div>
    </div>
    
    <div
      id="ynoodAccounts"
    >
      
    </div>
  </div>
</div>
------------HTML PREVIEW---------------
<div class="accounts">
  <div class="ynabSide">
    <div>
      <p class="h5 text-center mb-4">
        Step 1: Connect to YNAB
      </p>
      <button class="btn btn-lg btn-default">
        Log In to YNAB
      </button>
      <a href="https://ynab.com/referral/?ref=NJEogaRL6Tux6JIm&utm_source=customer_referral">
        <button class="btn btn-lg btn-elegant">
          Sign up for YNAB
        </button>
      </a>
    </div>
  </div>
  <div class="ynoodSide">
    <div>
      <div class="register">
        <p class="h5 text-center mb-4">
          Step 2: Register for a YNOOD Account
        </p>
        <div class="container">
          <div class="row">
            <div class="col-md-1"></div>
            <div class="col-md-10">
              <form id="register-form">
                <div>
                  <label for="register-email">
                    Email:
                  </label>
                  <input
                    class="form-control"
                    id="register-email"
                    name="email"
                    value=""
                  >
                  <br>
                  <label for="register-budget">
                    Monthly debt payoff budget:
                  </label>
                  <input
                    class="form-control"
                    id="register-budget"
                    name="budget"
                    value=""
                  >
                </div>
              </form>
            </div>
            <div class="col-md-1"></div>
          </div>
          <div class="row">
            <div class="col-md-1"></div>
            <div class="col-md-10">
              <button
                class="btn btn-outline-purple"
                type="submit"
              >
                Submit
              </button>
            </div>
            <div class="col-md-1"></div>
          </div>
        </div>
      </div>
    </div>
    
    <div id="ynoodAccounts">
      
    </div>
  </div>
</div>
`;
